../Core/Src/main.c:70:6:delay	16	static
../Core/Src/main.c:75:6:Set_Pin_Output	40	static
../Core/Src/main.c:84:6:Set_Pin_Input	40	static
../Core/Src/main.c:94:6:DHT11_Start	8	static
../Core/Src/main.c:102:9:Check_Response	16	static
../Core/Src/main.c:117:9:DHT11_Read	16	static
../Core/Src/main.c:139:5:main	8	static
../Core/Src/main.c:202:6:SystemClock_Config	88	static
../Core/Src/main.c:248:13:MX_TIM1_Init	32	static
../Core/Src/main.c:294:13:MX_USART2_UART_Init	8	static
../Core/Src/main.c:327:13:MX_GPIO_Init	48	static
../Core/Src/main.c:371:6:Error_Handler	4	static,ignoring_inline_asm
